wxZoomedView a2dZoomedView
wxZoomTool a2dZoomTool
wxZoomFast a2dZoomFast
wxXmlSer_flag a2dXmlSer_flag
wxXmlSer_attrib a2dXmlSer_attrib
wxXmlSer_Content a2dXmlSer_Content
wxXMLTagList a2dXMLTagList
wxXMLTag a2dXMLTag
wxXMLAttributeArray a2dXMLAttributeArray
wxXMLAttribute a2dXMLAttribute 
wxWIREFRAME_ZERO_WIDTH a2dWIREFRAME_ZERO_WIDTH
wxWIREFRAME_INVERT_ZERO_WIDTH a2dWIREFRAME_INVERT_ZERO_WIDTH
wxWIREFRAME_INVERT a2dWIREFRAME_INVERT
wxWIREFRAME a2dWIREFRAME
wxWHITE_STROKE a2dWHITE_STROKE
wxVpathqBCurveSegment a2dVpathqBCurveSegment
wxVpathSegment a2dVpathSegment 
wxVpathQBCurveSegment a2dVpathQBCurveSegment
wxVpathCBCurveSegment a2dVpathCBCurveSegment
wxVpathArray a2dVpathArray
wxVpathArcSegment a2dVpathArcSegment
wxVpath a2dVpath
wxViewTemplateRefList a2dViewTemplateList
wxViewTemplateRef a2dViewTemplate 
wxViewTemplateEvent a2dViewTemplateEvent
wxViewTemplate a2dViewTemplate 
wxViewRefList a2dViewList
wxViewRef a2dView 
wxViewEventFunctionRef a2dObjectViewEventFunction
wxViewEventFunction a2dViewEventFunction
wxViewEvent a2dViewEvent 
wxViewConnector a2dViewConnector 
wxViewCloseEventFunctionRef a2dObjectViewCloseEventFunction
wxVdrawDocManagerRef a2dVdrawDocManager
wxVariableList a2dVariableList 
wxUpdateListBase a2dUpdateListBase 
wxUpdateList a2dUpdateList 
wxUpdateArea a2dUpdateArea 
wxToolProperty a2dToolProperty
wxToolList a2dToolList 
wxTileBox a2dTileBox
wxTemplateFlag a2dTemplateFlag
wxTemplateEventFunctionRef a2dObjectTemplateEventFunction
wxTemplateEventFunction a2dTemplateEventFunction
wxTemplateEvent a2dTemplateEvent 
wxTRANSPARENT_STROKE a2dTRANSPARENT_STROKE
wxTRANSPARENT_FILL a2dTRANSPARENT_FILL
wxSubDrawMasterTool a2dSubDrawMasterTool
wxStrokeGlyph a2dStrokeGlyph
wxSplitterConnector a2dSplitterConnector 
wxSmrtPtrList a2dSmrtPtrList 
wxSmrtPtrBase a2dSmrtPtrBase
wxSmrtPtr a2dSmrtPtr 
wxSimpleEditPolygonTool a2dSimpleEditPolygonTool
wxSelectTool a2dSelectTool 
wxSTROKE a2dSTROKE
wxRotateTool a2dRotateTool 
wxRestrictionEnginePtr a2dRestrictionEnginePtr
wxRestrictionEngine a2dRestrictionEngine 
wxRenderImageZoomTool a2dRenderImageZoomTool
wxRenderImage a2dRenderImage
wxRefObjectPtr a2dObjectPtr
wxRefObjectList a2dObjectList
wxRefObjectAutoZeroPtr a2dObjectAutoZeroPtr
wxRefObject a2dObject 
wxREFTEMPLATE_VISIBLE a2dREFTEMPLATE_VISIBLE
wxREFTEMPLATE_NON a2dREFTEMPLATE_NON
wxREFTEMPLATE_MARK a2dREFTEMPLATE_MARK
wxREFTEMPLATE_ALLSET a2dREFTEMPLATE_ALLSET
wxREFDOC_SILENT a2dREFDOC_SILENT
wxREFDOC_NON a2dREFDOC_NON 
wxREFDOC_NEW a2dREFDOC_NEW
wxREFDOC_ALL a2dREFDOC_ALL
wxPropertyTool a2dPropertyTool 
wxPropertyIdVoidPtr a2dPropertyIdVoidPtr
wxPropertyIdVoidPtr a2dPropertyIdVoidPtr
wxPropertyIdUint32 a2dPropertyIdUint32
wxPropertyIdUint32 a2dPropertyIdUint32
wxPropertyIdUint16 a2dPropertyIdUint16
wxPropertyIdTyped a2dPropertyIdTyped 
wxPropertyIdString a2dPropertyIdString
wxPropertyIdRefObjectAutoZero a2dPropertyIdRefObjectAutoZero
wxPropertyIdRefObject a2dPropertyIdRefObject
wxPropertyIdProp a2dPropertyIdProp 
wxPropertyIdPoint2D a2dPropertyIdPoint2D
wxPropertyIdPathList a2dPropertyIdPathList
wxPropertyIdMatrix a2dPropertyIdMatrix
wxPropertyIdInt32 a2dPropertyIdInt32
wxPropertyIdInt16 a2dPropertyIdInt16
wxPropertyIdHashMap a2dPropertyIdHashMap
wxPropertyIdFileName a2dPropertyIdFileName
wxPropertyIdDouble a2dPropertyIdDouble
wxPropertyIdColour a2dPropertyIdColour
wxPropertyIdCanvasStyle a2dPropertyIdCanvasStyle 
wxPropertyIdCanvasShadowStyle a2dPropertyIdCanvasShadowStyle 
wxPropertyIdCanvasObject a2dPropertyIdCanvasObject 
wxPropertyIdCanvasClipPath a2dPropertyIdCanvasClipPath 
wxPropertyIdBoundingBox a2dPropertyIdBoundingBox
wxPropertyIdBool a2dPropertyIdBool
wxPropertyIdArrayString a2dPropertyIdArrayString
wxPropertyId a2dPropertyId 
wxPropRefObject a2dPropObject 
wxProcessFileCsPlParser a2dProcessFileCsPlParser 
wxPoint2D a2dPoint2D 
wxPATH_END_SQAURE_EXT a2dPATH_END_SQAURE_EXT
wxPATH_END_SQAURE a2dPATH_END_SQAURE
wxPATH_END_ROUND a2dPATH_END_ROUND
wxPATHTYPE a2dPATH_END_TYPE
wxPATHSEG_QBCURVETO_NOSTROKE a2dPATHSEG_QBCURVETO_NOSTROKE
wxPATHSEG_QBCURVETO a2dPATHSEG_QBCURVETO
wxPATHSEG_MOVETO a2dPATHSEG_MOVETO
wxPATHSEG_LINETO_NOSTROKE a2dPATHSEG_LINETO_NOSTROKE
wxPATHSEG_LINETO a2dPATHSEG_LINETO
wxPATHSEG_CBCURVETO_NOSTROKE a2dPATHSEG_CBCURVETO_NOSTROKE
wxPATHSEG_CBCURVETO a2dPATHSEG_CBCURVETO
wxPATHSEG_ARCTO_NOSTROKE a2dPATHSEG_ARCTO_NOSTROKE
wxPATHSEG_ARCTO a2dPATHSEG_ARCTO
wxPATHSEG a2dPATHSEG
wxPATHEND_OPEN a2dPATHSEG_END_OPEN
wxPATHEND_CLOSED_NOSTROKE a2dPATHSEG_END_CLOSED_NOSTROKE 
wxPATHEND_CLOSED a2dPATHSEG_END_CLOSED
wxPATHEND a2dPATHSEG_END
wxObjectMatrix a2dMatrixData 
wxObjectGraphicsMasterTool a2dGraphicsMasterTool 
wxNullSTROKE a2dNullSTROKE
wxNullFONT a2dNullFONT
wxNullFILL a2dNullFILL
wxNullCONTOUR a2dNullCONTOUR
wxMultiViewDocManagerRef a2dMultiViewDocManager 
wxMultiSelectGroup a2dMultiSelectGroup 
wxMultiFrameDrawingConnector a2dMultiFrameDrawingConnector 
wxMultiEditTool a2dMultiEditTool
wxMultiDrawingConnector a2dMultiDrawingConnector 
wxMemberDclrTyped a2dMemberDclrTyped 
wxMemDcDrawer a2dMemDcDrawer 
wxLine a2dLine 
wxLayerInfo a2dLayerInfo 
wxLAYER_SELECT_STROKE a2dLAYER_SELECT_STROKE
wxIterCUList a2dIterCUList 
wxIterCU a2dIterCU 
wxIterC a2dIterC 
wxImageTool a2dImageTool 
wxImageDrawer a2dImageDrawer 
wxIdBase a2dIdBase
wxINHERIT_STROKE a2dINHERIT_STROKE
wxINHERIT_CONTOUR a2dINHERIT_CONTOUR
wxIDENTITY_MATRIX a2dIDENTITY_MATRIX
wxHierarchicalID a2dHierarchicalID 
wxHashMapIntToRefObject_wxImplementation_KeyEx a2dHashMapIntToObject_wxImplementation_KeyEx 
wxHashMapIntToRefObject_wxImplementation_HashTable a2dHashMapIntToObject_wxImplementation_HashTable 
wxHashMapIntToRefObject a2dHashMapIntToObject 
wxHashMapCreateObject_wxImplementation_KeyEx a2dHashMapCreateObject_wxImplementation_KeyEx 
wxHashMapCreateObject_wxImplementation_HashTable a2dHashMapCreateObject_wxImplementation_HashTable 
wxHashMapCreateObject a2dHashMapCreateObject 
wxGeneralModule a2dGeneralModule 
wxGDIPlusDrawer a2dGDIPlusDrawer 
wxFunctionList a2dFunctionList 
wxFrameViewConnector a2dFrameViewConnector 
wxFontSearchPathDialog a2dFontSearchPathDialog
wxFileLineParser a2dFileLineParser
wxFeedbackIdPinMapping a2dFeedbackIdPinMapping 
wxFeedbackId a2dFeedbackId 
wxFIX_STYLE_INVERT a2dFIX_STYLE_INVERT
wxFIX_STYLE a2dFIX_STYLE
wxFILLED a2dFILLED
wxFILL a2dFILL
wxExtendedResultItem a2dExtendedResultItem 
wxExtendedResult a2dExtendedResult 
wxEvtHandlerWrap a2dEvtHandlerWrap 
wxEvtHandlerRefEventFunction a2dEvtHandlerEventFunction
wxEvtHandlerRef a2dEvtHandler 
wxEventDistributer a2dEventDistributer 
wxEvalVar a2dEvalVar 
wxEvalFunction a2dEvalFunction 
wxEvalCommandString a2dEvalCommandString 
wxEval a2dEval 
wxEditorMultiFrameViewConnector a2dEditorMultiFrameViewConnector 
wxEditTool2 a2dRecursiveEditTool
wxDumbPtr a2dDumbPtr 
wxDrawerType a2dDrawerType
wxDrawer2D a2dDrawer2D 
wxDrawWirePolylineLTool a2dDrawWirePolylineLTool 
wxDrawTextTool a2dDrawTextTool 
wxDrawStyle a2dDrawStyle
wxDrawRectangleTool a2dDrawRectangleTool 
wxDrawPolylineLTool a2dDrawPolylineLTool 
wxDrawPolygonLTool a2dDrawPolygonLTool 
wxDrawLineTool a2dDrawLineTool 
wxDrawEllipticArcTool a2dDrawEllipticArcTool 
wxDrawEllipseTool a2dDrawEllipseTool 
wxDrawCircleTool a2dDrawCircleTool 
wxDrawArcTool a2dDrawArcTool 
wxDragTool a2dDragTool 
wxDragNewTool a2dDragNewTool 
wxDragMultiTool a2dDragMultiTool 
wxDocviewWalker_DocviewPropertyStart a2dWalker_DocviewPropertyStart
wxDocviewWalker_DocviewPropertyEnd a2dWalker_DocviewPropertyEnd
wxDocviewWalker_DocviewProperty a2dWalker_DocviewProperty
wxDocviewWalker_DocviewObjectStart a2dWalker_DocviewObjectStart
wxDocviewWalker_DocviewObjectProperties a2dWalker_DocviewObjectProperties
wxDocviewWalker_DocviewObjectPreChild a2dWalker_DocviewObjectPreChild
wxDocviewWalker_DocviewObjectPostChild a2dWalker_DocviewObjectPostChild
wxDocviewWalker_DocviewObjectEnd a2dWalker_DocviewObjectEnd
wxDocviewWalker_DocviewObject a2dWalker_DocviewObject
wxDocviewWalkerIOHandler a2dWalkerIOHandler 
wxDocviewWalker  a2dWalker 
wxDocviewVoidPtrProperty a2dVoidPtrProperty 
wxDocviewVariablesHash a2dVariablesHash 
wxDocviewVariablesArray a2dVariablesArray 
wxDocviewUint32Property a2dUint32Property 
wxDocviewUint16Property a2dUint16Property 
wxDocviewStringProperty a2dStringProperty 
wxDocviewSTSLWrapper a2dDocviewSTSLWrapper 
wxDocviewRefObjectProperty a2dProperty 
wxDocviewRefObjectAutoZeroProperty a2dAutoZeroProperty 
wxDocviewPoint2DProperty a2dPoint2DProperty 
wxDocviewPathListProperty a2dPathListProperty 
wxDocviewObjectIOFn a2dObjectIOFn
wxDocviewNamedPropertyList a2dNamedPropertyList 
wxDocviewNamedProperty a2dNamedProperty 
wxDocviewModule a2dDocviewModule 
wxDocviewMatrixProperty a2dMatrixProperty 
wxDocviewInt32Property a2dInt32Property 
wxDocviewInt16Property a2dInt16Property 
wxDocviewIOHandlerXmlSerOut a2dIOHandlerXmlSerOut 
wxDocviewIOHandlerXmlSerIn a2dIOHandlerXmlSerIn 
wxDocviewIOHandlerXMLWrite a2dIOHandlerXMLWrite 
wxDocviewIOHandlerXMLPull a2dIOHandlerXMLPull 
wxDocviewIOHandlerXMLException a2dIOHandlerXMLException 
wxDocviewIOHandlerXML a2dIOHandlerXML 
wxDocviewIOHandlerCoupleHash_wxImplementation_KeyEx a2dIOHandlerCoupleHash_wxImplementation_KeyEx 
wxDocviewIOHandlerCoupleHash_wxImplementation_HashTable a2dIOHandlerCoupleHash_wxImplementation_HashTable 
wxDocviewIOHandlerCoupleHash a2dIOHandlerCoupleHash 
wxDocviewGlobals a2dDocviewGlobals
wxDocviewGlobala2dDocviewGlobalg
wxDocviewGlobal a2dDocviewGlobal
wxDocviewFileNameProperty a2dFileNameProperty 
wxDocviewErrorWarningCode a2dErrorWarningCode
wxDocviewErrorList a2dErrorList
wxDocviewError a2dError 
wxDocviewDoubleProperty a2dDoubleProperty 
wxDocviewCsPlWrapper a2dCsPlWrapper 
wxDocviewCommonEventFunctionRef a2dObjectCommonEventFunction
wxDocviewCommonEventFunction a2dCommonEventFunction
wxDocviewCommonEvent a2dCommonEvent 
wxDocviewCommand_SetProperty a2dCommand_SetProperty 
wxDocviewCommandProcessor a2DocumentCommandProcessor 
wxDocviewCommandList a2dCommandList 
wxDocviewCommandLanguageWrapperList a2dCommandLanguageWrapperList
wxDocviewCommandLanguageWrapper a2dCommandLanguageWrapper 
wxDocviewCommandGroup a2dCommandGroup 
wxDocviewCommandEvent a2dDocumentCommandEvent
wxDocviewCommand a2dDocumentCommand 
wxDocviewColourProperty a2dColourProperty 
wxDocviewBoolProperty a2dBoolProperty 
wxDocviewArrayStringProperty a2dArrayStringProperty 
wxDocumentRenderStyle a2dDocumentRenderStyle
wxDocumentRefList a2dDocumentList
wxDocumentRef a2dDocument 
wxDocumentIOHandlers a2dIOHandlers
wxDocumentIOHandlerStrOut a2dIOHandlerStrOut
wxDocumentIOHandlerStrIn a2dIOHandlerStrIn
wxDocumentIOHandlerOut a2dIOHandlerOut
wxDocumentIOHandlerIn a2dIOHandlerIn
wxDocumentIOHandler a2dIOHandler 
wxDocumentFlagMask a2dDocumentFlagMask
wxDocumentFlag a2dDocumentFlag
wxDocumentEventFunctionRef a2dObjectDocumentEventFunction
wxDocumentEventFunction a2dDocumentEventFunction 
wxDocumentEvent a2dDocumentEvent 
wxDocumentCloseEventFunctionRef a2dObjectDocumentCloseEventFunction
wxDocViewWindowViewConnector a2dWindowViewConnector 
wxDocViewWindow a2dDocumentViewWindow 
wxDocViewScrolledWindowViewConnector a2dScrolledWindowViewConnector 
wxDocViewScrolledWindow a2dScrolledWindow 
wxDocTemplateRefList a2dDocumentTemplateList
wxDocTemplateRefAuto a2dDocumentTemplateAuto
wxDocTemplateRef a2dDocumentTemplate 
wxDocTemplateEvent a2dDocumentTemplateEvent
wxDocTemplate a2dDocumentTemplate 
wxDocPrintoutRef a2dDocumentPrintout 
wxDocMDIParentFrameRef a2dDocumentMDIParentFrame 
wxDocMDIChildFrameRef a2dDocumentMDIChildFrame 
wxDocFrame a2dDocumentFrame 
wxDeleteTool a2dDeleteTool 
wxDcDrawer a2dDcDrawer 
wxDEFAULT_REFTEMPLATE_FLAGS a2dDEFAULT_REFTEMPLATE_FLAGS
wxDEFAULT_REFTEMPLATE_FLAGS  a2dDEFAULT_REFTEMPLATE_FLAGS
wxDEFAULT_REFDOCMAN_FLAGS a2dDEFAULT_DOCUMENT_FLAGS
wxDEFAULT_FRAME_STYLE wxDEFAULT_FRAME_STYLE
wxDEFAULT_CANVASFONT a2dDEFAULT_CANVASFONT
wxDEFAULT_ALIGNMENT a2dDEFAULT_ALIGNMENT
wxCurveZoomTool a2dCurveZoomTool 
wxCriticalPointList a2dCriticalPointList 
wxCopyTool a2dCopyTool 
wxCopyMultiTool a2dCopyMultiTool 
wxCommand_Error a2dCommand_Error 
wxCommandProcessorRef a2dCommandProcessor 
wxCommandProcessorEventFunctionRef a2dObjectCommandProcessorEventFunction
wxCommandProcessorEvent a2dCommandProcessorEvent 
wxCommandParser a2dCommandParser 
wxCloseViewEvent a2dCloseViewEvent 
wxCloseDocumentEvent a2dCloseDocumentEvent 
wxClipRegionList a2dClipRegionList 
wxCharHash a2dCharHash 
wxCharEqual a2dCharEqual 
wxCanvasXYGradientFill a2dXYGradientFill 
wxCanvasXYDisplayGroup a2dCanvasXYDisplayGroup
wxCanvasWires a2dWires
wxCanvasWirea2dWireg
wxCanvasWirePolylineL a2dWirePolylineL 
wxCanvasWireEnd a2dWireEnd 
wxCanvasWidgetButtonGroup a2dWidgetButtonGroup 
wxCanvasWidgetButtonCommand a2dWidgetButtonCommand 
wxCanvasWidgetButton a2dWidgetButton 
wxCanvasVpath a2dVectorPath
wxCanvasVisibleProperty a2dVisibleProperty 
wxCanvasVertexListCurve a2dVertexListCurve
wxCanvasVertexCurve a2dVertexCurve
wxCanvasUpdateFlags a2dCanViewUpdateFlags
wxCanvasTwoColourFill a2dTwoColourFill 
wxCanvasToolContr a2dToolContr 
wxCanvasTextGroup a2dTextGroup 
wxCanvasTextGDa2dTextGDg
wxCanvasTextGDS a2dTextGDS
wxCanvasTextFlags  a2dTextFlags
wxCanvasText a2dText 
wxCanvasTetoEditorFrame a2dCanvasTetoEditorFrame
wxCanvasSweepCurve a2dSweepCurve
wxCanvasStyleProperty a2dStyleProperty 
wxCanvasStyleDialog a2dStyleDialog 
wxCanvasStrokeType a2dStrokeType
wxCanvasStrokeStyle a2dStrokeStyle
wxCanvasStrokePtr a2dStrokePtr
wxCanvasStroke a2dStroke 
wxCanvasStToolContr a2dStToolContr 
wxCanvasStTool a2dStTool 
wxCanvasStDrawTool a2dStDrawTool 
wxCanvasSim a2dCanvasSim
wxCanvasShadowStyleProperty a2dShadowStyleProperty 
wxCanvasRectC a2dRectC 
wxCanvasRect a2dRect 
wxCanvasRadialGradientFill a2dRadialGradientFill 
wxCanvasPropertyEditorDlg a2dPropertyEditorDlg
wxCanvasPropertyEditEventFunctionRef a2dCanvasPropertyEditEventFunctionRef 
wxCanvasPropertyEditEventFunctionEvt a2dCanvasPropertyEditEventFunctionEvt
wxCanvasPropertyEditEvent a2dPropertyEditEvent 
wxCanvasPropertyEditEvent a2dPropertyEditEvent 
wxCanvasPolyon a2dPolyon
wxCanvasPolylineL a2dPolylineL 
wxCanvasPolyline a2dPolyline 
wxCanvasPolygonLClipper2 a2dPolygonLClipper2 
wxCanvasPolygonLClipper a2dPolygonLClipper 
wxCanvasPolygonL a2dPolygonL 
wxCanvasPolygon a2dPolygon 
wxCanvasPlot a2dPlot
wxCanvasPinPtr a2dPinPtr
wxCanvasPinClass a2dPinClass
wxCanvasPinClasa2dPinClasg
wxCanvasPin a2dPin 
wxCanvasPieCurve a2dPieCurve
wxCanvasPatternStroke a2dPatternStroke
wxCanvasPatternFill a2dPatternFill 
wxCanvasOrigin a2dOrigin
wxCanvasOneColourStroke a2dOneColourStroke 
wxCanvasOneColourFill a2dOneColourFill 
wxCanvasObjects a2dCanvasObjects
wxCanvasObjectWHCenter a2dWHCenter
wxCanvasObjectWH a2dWH 
wxCanvasObjectTimerEventFunction a2dCanvasObjectTimerEventFunction
wxCanvasObjectStroke a2dCanvasObjectStroke
wxCanvasObjectSorter a2dCanvasObjectSorter
wxCanvasObjectRef a2dCanvasObjectReference 
wxCanvasObjectPtrProperty a2dCanvasObjectPtrProperty
wxCanvasObjectPtr a2dCanvasObjectPtr
wxCanvasObjectMouseEventFunction a2dCanvasObjectMouseEventFunction
wxCanvasObjectMouseEvent a2dCanvasObjectMouseEvent
wxCanvasObjectList a2dCanvasObjectList
wxCanvasObjectHitFlags a2dCanvasObjectHitFlags
wxCanvasObjectFlagsMask a2dCanvasObjectFlagsMask
wxCanvasObjectFlags a2dCanvasObjectFlags
wxCanvasObjectFilterToolObjects a2dCanvasObjectFilterToolObjects
wxCanvasObjectFilterSelected a2dCanvasObjectFilterSelected
wxCanvasObjectFilterPropertyNoMaskBlind a2dCanvasObjectFilterPropertyNoMaskBlind
wxCanvasObjectFilterOnlyNoMaskBlind a2dCanvasObjectFilterOnlyNoMaskBlind
wxCanvasObjectFilterLayerMaskNoToolNoEdit a2dCanvasObjectFilterLayerMaskNoToolNoEdit
wxCanvasObjectFilterLayerMask a2dCanvasObjectFilterLayerMask
wxCanvasObjectFilter a2dCanvasObjectFilter
wxCanvasObjectEventFunction a2dCanvasObjectEventFunction
wxCanvasObjectEvent a2dCanvasObjectEvent
wxCanvasObjectArrayRef a2dCanvasObjectArrayReference 
wxCanvasObject a2dCanvasObject 
wxCanvasOHitFlags a2dCanvasOHitFlags
wxCanvasOFlags  a2dCanvasOFlags 
wxCanvasNullStroke a2dNullStroke
wxCanvasNullFill a2dCanvasNullFill
wxCanvasNameRef a2dNameReference 
wxCanvasModule a2dCanvasModule
wxCanvasMarkerShow a2dMarkerShow
wxCanvasMarker a2dMarker
wxCanvasLinearGradientFill a2dLinearGradientFill 
wxCanvasLine a2dSLine 
wxCanvasLibraryRef a2dLibraryReference 
wxCanvasLayers a2dLayers
wxCanvasLayera2dLayerg
wxCanvasInitializeStockObjects a2dCanvasInitializeStockObjects
wxCanvasImage a2dImage 
wxCanvasIOHandlerSVGOut a2dIOHandlerSVGOut 
wxCanvasIOHandlerSVGIn a2dIOHandlerSVGIn 
wxCanvasIOHandlerKeyOut a2dIOHandlerKeyOut 
wxCanvasIOHandlerKeyIn a2dIOHandlerKeyIn 
wxCanvasIOHandlerGDSOut a2dIOHandlerGDSOut 
wxCanvasIOHandlerGDSIn a2dIOHandlerGDSIn 
wxCanvasIOHandlerCVGOut a2dIOHandlerCVGOut 
wxCanvasIOHandlerCVGIn a2dIOHandlerCVGIn 
wxCanvasHitOption a2dHitOption
wxCanvasHit a2dHit
wxCanvasHandlePtr a2dHandlePtr
wxCanvasHandleMouseEventFunction a2dCanvasHandleMouseEventFunction
wxCanvasHandleMouseEvent a2dHandleMouseEvent 
wxCanvasHandle a2dHandle 
wxCanvasGlobals a2dCanvasGlobals 
wxCanvasGlobal a2dCanvasGlobal 
wxCanvasFunctionCurve a2dFunctionCurve
wxCanvasFreetypeModule a2dFreetypeModule 
wxCanvasFreetypeFace a2dFreetypeFace 
wxCanvasFontStroke a2dFontStroke 
wxCanvasFontPtr a2dFontPtr
wxCanvasFontInfoList a2dFontInfoList 
wxCanvasFontInfo a2dFontInfo 
wxCanvasFontFreetype a2dFontFreetype 
wxCanvasFontDialog a2dFontDialog
wxCanvasFontDc a2dFontDc 
wxCanvasFontAlignment a2dFontAlignment
wxCanvasFont a2dFont 
wxCanvasFillType a2dFillType
wxCanvasFillStyle a2dFillStyle
wxCanvasFillPtr a2dFillPtr
wxCanvasFill a2dFill 
wxCanvasExternalRef a2dExternalReference 
wxCanvasEndsLine a2dEndsLine 
wxCanvasEndsEllipticChord a2dEndsEllipticChord 
wxCanvasEllipticArc a2dEllipticArc 
wxCanvasEllipse a2dEllipse 
wxCanvasEditorFrame a2dEditorFrame
wxCanvasDropGradientFill a2dDropGradientFill 
wxCanvasDocviewCsPlWrapper a2dCanvasCsPlWrapper 
wxCanvasDocviewCommandProcessor a2dCentralCanvasCommandProcessor 
wxCanvasDocumentRef a2dCanvasDocumentReference 
wxCanvasDocument a2dCanvasDocument 
wxCanvasDocView a2dCanvasView
wxCanvasDocPrintout a2dViewPrintout
wxCanvasDeleteStockObjects a2dCanvasDeleteStockObjects
wxCanvasCurve a2dCurve
wxCanvasControl a2dControl 
wxCanvasContourStyle a2dContourStyle
wxCanvasContourRandomizeXY a2dContourRandomizeXY
wxCanvasContourPtr a2dContourPtr
wxCanvasContour a2dContour 
wxCanvasConnector a2dConnector 
wxCanvasCommand_VertexListCurveMovePoint a2dCommand_VertexListCurveMovePoint
wxCanvasCommand_VertexCurveMovePoint a2dCommand_VertexCurveMovePoint
wxCanvasCommand_TranslateFlaged a2dCommand_TranslateFlaged
wxCanvasCommand_SweepCurveMovePoint a2dCommand_SweepCurveMovePoint
wxCanvasCommand_SetTransformFlaged a2dCommand_SetTransformFlaged
wxCanvasCommand_SetSegmenta2dCommand_SetSegmentg
wxCanvasCommand_SetPropertyMasked a2dCommand_SetPropertyMasked
wxCanvasCommand_SetProperty a2dCanvas_SetCanvasProperty 
wxCanvasCommand_SetInternalBoundariea2dCommand_SetInternalBoundarieg
wxCanvasCommand_SetFlaga2dCommand_SetFlagg
wxCanvasCommand_SetFlag a2dCommand_SetFlag
wxCanvasCommand_ReplaceObject a2dCommand_ReplaceObject
wxCanvasCommand_RemoveSegment a2dCommand_RemoveSegment
wxCanvasCommand_ReleaseObject a2dCommand_ReleaseObject 
wxCanvasCommand_MoveSegment a2dCommand_MoveSegment 
wxCanvasCommand_MoveMidSegment a2dCommand_MoveMidSegment
wxCanvasCommand_ConnectPins a2dCanvasCommand_ConnectPins
wxCanvasCommand_ConnectPina2dCommand_ConnectPing
wxCanvasCommand_ChangeText a2dCommand_ChangeText
wxCanvasCommand_ChangeStyle a2dCommand_ChangeStyle
wxCanvasCommand_BandCurveMovePoint a2dCommand_BandCurveMovePoint
wxCanvasCommand_AddPoint a2dCommand_AddPoint
wxCanvasCommand_AddObject a2dCommand_AddObject
wxCanvasCommandProcessor a2dCanvasCommandProcessor
wxCanvasCommandEventFunction a2dCanvasCommandEventFunction
wxCanvasCommandEventFlags a2dCanvasCommandEventFlags
wxCanvasCommandEvent a2dCommandEvent
wxCanvasCommand a2dCanvasCommand
wxCanvasClipPathProperty a2dClipPathProperty
wxCanvasCircle a2dCircle
wxCanvasChangeTextCommand a2dChangeTextCommand
wxCanvasBaseToolPtr a2dBaseToolPtr
wxCanvasBaseTool a2dBaseTool 
wxCanvasBaseMarker  a2dBaseMarker
wxCanvasBarCurve a2dBarCurve
wxCanvasBandMarker a2dBandMarker
wxCanvasBandCurve a2dBandCurve 
wxCanvasAxisMarker a2dAxisMarker
wxCanvasArrow a2dArrow
wxCanvasArrayRef a2dArray 
wxCanvasArc a2dArc 
wxCanvas3DShape a2d3DShape
wxCanvas a2dCanvas
wxCanavsStrokePtr a2dStrokePtr
wxCanMdiFrameDrawingConnector a2dCanMdiFrameDrawingConnector
wxCONTOUR a2dCONTOUR
wxCLIP_XOR a2dCLIP_XOR
wxCLIP_OR a2dCLIP_OR
wxCLIP_DIFF a2dCLIP_DIFF
wxCLIP_COPY a2dCLIP_COPY
wxCLIP_AND a2dCLIP_AND
wxCANVAS_ignoreSetpending a2dCANOBJ_ignoreSetpending
wxCANVAS_VISIBLECHILDS a2dCANOBJ_VISIBLECHILDS
wxCANVAS_VISIBLE a2dCANOBJ_VISIBLE
wxCANVAS_UPDATE_SYNC_DRAWERS a2dCANVIEW_UPDATE_SYNC_DRAWERS
wxCANVAS_UPDATE_PENDING a2dCANVIEW_UPDATE_PENDING
wxCANVAS_UPDATE_OLDNEW a2dCANVIEW_UPDATE_OLDNEW
wxCANVAS_UPDATE_DIRECT a2dCANVIEW_UPDATE_DIRECT
wxCANVAS_UPDATE_BLIT a2dCANVIEW_UPDATE_BLIT
wxCANVAS_UPDATE_AREAS_NOBLIT a2dCANVIEW_UPDATE_AREAS_NOBLIT
wxCANVAS_UPDATE_AREAS a2dCANVIEW_UPDATE_AREAS
wxCANVAS_UPDATE_ALL a2dCANVIEW_UPDATE_ALL
wxCANVAS_SubEditAsChild a2dCANOBJ_SubEditAsChild
wxCANVAS_SubEdit a2dCANOBJ_SubEdit
wxCANVAS_STIPPLE_MASK_OPAQUE a2d_STIPPLE_MASK_OPAQUE
wxCANVAS_SNAP a2dCANOBJ_SNAP
wxCANVAS_SHOWSHADOW a2dCANOBJ_SHOWSHADOW
wxCANVAS_SELECTED a2dCANOBJ_SELECTED
wxCANVAS_SELECTABLE a2dCANOBJ_SELECTABLE
wxCANVAS_SELECT a2dCANVAS_SELECT
wxCANVAS_Release a2dCANOBJ_Release
wxCANVAS_PUSHIN a2dCANOBJ_PUSHIN
wxCANVAS_PRERENDERASCHILD a2dCANOBJ_PRERENDERASCHILD
wxCANVAS_PENDING a2dCANOBJ_PENDING
wxCANVAS_OUT a2dCANOBJ_OUT
wxCANVAS_ON a2dCANOBJ_ON
wxCANVAS_NON a2dCANOBJ_NON
wxCANVAS_MouseInObject a2dCANOBJ_MouseInObject
wxCANVAS_IsProperty a2dCANOBJ_IsProperty
wxCANVAS_IsOnCorridorPath a2dCANOBJ_IsOnCorridorPath
wxCANVAS_IN a2dCANOBJ_IN
wxCANVAS_HighLight a2dCANOBJ_HighLight
wxCANVAS_HasToolObjectsBelow a2dCANOBJ_HasToolObjectsBelow
wxCANVAS_HasSelectedObjectsBelow a2dCANOBJ_HasSelectedObjectsBelow
wxCANVAS_HasPins a2dCANOBJ_HasPins
wxCANVAS_FILLED a2dCANOBJ_FILLED
wxCANVAS_EditingCopy a2dCANOBJ_EditingCopy
wxCANVAS_Editing a2dCANOBJ_Editing
wxCANVAS_EVENT_VISIBLE a2dCANOBJ_EVENT_VISIBLE
wxCANVAS_EVENT_STROKE_NON_TRANSPARENT a2dCANOBJ_EVENT_STROKE_NON_TRANSPARENT
wxCANVAS_EVENT_STROKE a2dCANOBJ_EVENT_STROKE
wxCANVAS_EVENT_NON a2dCANVAS_EVENT_NON
wxCANVAS_EVENT_NON a2dCANOBJ_EVENT_NON
wxCANVAS_EVENT_FILL_NON_TRANSPARENT a2dCANOBJ_EVENT_FILL_NON_TRANSPARENT
wxCANVAS_EVENT_FILL a2dCANOBJ_EVENT_FILL
wxCANVAS_EVENT_ALL a2dCANOBJ_EVENT_ALL
wxCANVAS_EDITABLE a2dCANOBJ_EDITABLE
wxCANVAS_DoConnect a2dCANOBJ_DoConnect
wxCANVAS_DRAGGABLE a2dCANOBJ_DRAGGABLE
wxCANVAS_ChildrenOnSameLayer a2dCANOBJ_ChildrenOnSameLayer
wxCANVAS_C a2dCANOBJ_C
wxCANVAS_BIN2 a2dCANOBJ_BIN2
wxCANVAS_BIN a2dCANOBJ_BIN
wxCANVAS_B a2dCANOBJ_B
wxCANVAS_ALL a2dCANVAS_ALL 
wxCANVAS_ALL a2dCANOBJ_ALL
wxCANVAS_A a2dCANOBJ_A
wxCANVASTEXT_READONLY a2dCANOBJTEXT_READONLY
wxCANVASTEXT_NEXTLINEUP a2dCANOBJTEXT_NEXTLINEUP
wxCANVASTEXT_MULTILINE a2dCANOBJTEXT_MULTILINE
wxCANVASTEXT_ENGINEERING a2dCANOBJTEXT_ENGINEERING
wxCANVASTEXT_CARETVISIBLE a2dCANOBJTEXT_CARETVISIBLE
wxCANVASTEXT_BACKGROUND a2dCANOBJTEXT_BACKGROUND
wxCANVASTEXT a2dCANVASTEXT
wxCANVASHITOPTION_NOROOT a2dCANOBJHITOPTION_NOROOT
wxCANVASHITOPTION_NONE a2dCANOBJHITOPTION_NONE
wxCANVASHITOPTION_LAYERS a2dCANOBJHITOPTION_LAYERS
wxCANVASHITOPTION_ALL a2dCANOBJHITOPTION_ALL
wxCANVASHITOPTION a2dCANOBJHITOPTION
wxBoundingBox a2dBoundingBox 
wxBooleanWalkerHandler a2dBooleanWalkerHandler 
wxBooleanClip a2dBooleanClip
wxBlindDrawer2D a2dBlindDrawer2D
wxBLACK_STROKE a2dBLACK_STROKE
wxAutoZeroPtr a2dAutoZeroPtr
wxArtBaseModule a2dArtBaseModule
wxArrayGrow a2dArrayGrow
wxAggDrawer a2dAggDrawer
wxAffineMatrix a2dAffineMatrix
wxAETList a2dAETList
wxAET a2dAET
a2dlistNode a2dlistNode
a2dlist a2dlist
a2dResolveIdList a2dResolveIdList
a2dResolveIdInfo a2dResolveIdInfo
a2dPropertyIdList a2dPropertyIdList
a2dPropertyIdDynamicEventProperty a2dPropertyIdDynamicEventProperty
a2dProfilerTimer a2dProfilerTimer
a2dProfilerMean a2dProfilerMean
a2dProfilerHistogram a2dProfilerHistogram
a2dProfilerCount a2dProfilerCount
a2dProfiler a2dProfiler
a2dPolyHandle a2dPolyHandle
a2dPathList a2dPathList
a2dMemoryCriticalSectionHelper a2dMemoryCriticalSectionHelper
a2dLuaWrapper a2dLuaWrapper
a2dLineSegment a2dLineSegment
a2dLayerView a2dLayerView
a2dIndexHandle a2dIndexHandle
a2dIOHandlerXmlSerOut a2dIOHandlerXmlSerOut 
a2dIOHandlerXmlSerIn a2dIOHandlerXmlSerIn 
a2dDynamicEventProperty a2dDynamicEventProperty
a2dDrawingFrame a2dDrawingFrame
a2dConnectionGenerator a2dConnectionGenerator
a2dComEvent a2dComEvent
a2dCanvasObjectLua a2dCanvasObjectLua
VariablesHashBase_wxImplementation_KeyEx a2dVariablesHashBase_wxImplementation_KeyEx
VariablesHashBase_wxImplementation_HashTable a2dVariablesHashBase_wxImplementation_HashTable
VariablesHashBase a2dVariablesHashBase
LuaExecDlg a2dLuaExecDlg
GetCanvasDocView GetCanvasView
GediLuaConsole a2dLuaConsole
DoUpdateImmediateData a2dDoUpdateImmediateData
